rahul@rahulpc:~/Downloads$ ssh -i "udacity_secondary.pem" ec2-user@ec2-3-14-142-16.us-east-2.compute.amazonaws.com
The authenticity of host 'ec2-3-14-142-16.us-east-2.compute.amazonaws.com (3.14.142.16)' can't be established.
ECDSA key fingerprint is SHA256:QU/nzRnCij1oGqgbS+DSc02dbdofNWeP4MoZEzBR860.
Are you sure you want to continue connecting (yes/no)? yes
Warning: Permanently added 'ec2-3-14-142-16.us-east-2.compute.amazonaws.com,3.14.142.16' (ECDSA) to the list of known hosts.
Last login: Sun Jun 14 04:04:27 2020 from 42.111.11.209

       __|  __|_  )
       _|  (     /   Amazon Linux AMI
      ___|\___|___|

https://aws.amazon.com/amazon-linux-ami/2018.03-release-notes/
[ec2-user@ip-10-2-10-172 ~]$ mysql -h udacity-prime-replica.coiucgbfkvmf.us-east-2.rds.amazonaws.com -P 3306 -u admin -p
Enter password: 
Welcome to the MySQL monitor.  Commands end with ; or \g.
Your MySQL connection id is 6
Server version: 5.7.26-log Source distribution

Copyright (c) 2000, 2018, Oracle and/or its affiliates. All rights reserved.

Oracle is a registered trademark of Oracle Corporation and/or its
affiliates. Other names may be trademarks of their respective
owners.

Type 'help;' or '\h' for help. Type '\c' to clear the current input statement.

mysql> SELECT * FROM names;
ERROR 1046 (3D000): No database selected
mysql> use udacity
Reading table information for completion of table and column names
You can turn off this feature to get a quicker startup with -A

Database changed
mysql> SELECT * FROM names;
+----+---------+
| id | name    |
+----+---------+
|  1 | Rahul   |
|  2 | Shubham |
+----+---------+
2 rows in set (0.00 sec)

mysql> INSERT INTO names(name) VALUE('Sambhav');
Query OK, 1 row affected (0.01 sec)

mysql> SELECT * FROM names;
+----+---------+
| id | name    |
+----+---------+
|  1 | Rahul   |
|  2 | Shubham |
|  3 | Sambhav |
+----+---------+
3 rows in set (0.00 sec)

mysql> 

